FacadeIr
client: SmallApi
scopes:
  - path: teams
    public_name: teams
    public_method: teams
    rust_type_name: SmallApiTeamsScope
    parent_path: []
    decls: []
    setters: []
    constructor_docs:
      - Enter the `teams` facade scope.
    docs:
      - Facade handle for the `teams` scope.
    methods:
      - public_name: members
        target_scope_path: teams::members
        target_scope_type_name: SmallApiTeamsMembersScope
        docs:
          - Enter the `teams::members` facade scope.
  - path: teams::members
    public_name: members
    public_method: members
    rust_type_name: SmallApiTeamsMembersScope
    parent_path: teams
    decls: []
    setters: []
    constructor_docs:
      - Enter the `teams::members` facade scope.
    docs:
      - Facade handle for the `teams::members` scope.
    methods: []
endpoints:
  - target_endpoint: teams::members::List
    public_method: list_members
    scope_path: teams::members
    required_args:
      - name: body
        ty: CreateMember
    setters:
      - field: limit
        ty: u64
        set_name: limit
        set_optional_name: limit_opt
        clear_name: clear_limit
        forms: Set, SetOptional, Clear
        set_doc: Set optional query parameter `limit`.
        set_optional_doc: Set or clear optional query parameter `limit` from an Option; None clears it.
        clear_doc: Clear optional query parameter `limit`.
    docs:
      - POST /members
      - Required params: `body`
      - Pagination: OffsetLimitPagination
      - Body: Json<CreateMember>
      - Response: Json<Vec<Member>>
